// Jest Snapshot v1, https://goo.gl/fbAQLP

exports[`Additional properties prints correctly 1`] = `
Array [
  "<red><bold>ADDTIONAL PROPERTY</></><red> should NOT have additional properties</>
",
  "</> <gray> 1 |</> {</>
</> <gray> 2 |</>   <green>\\"foo\\"</><yellow>:</> <cyan>true</><yellow>,</></>
</><red><bold>></></><gray> 3 |</>   <green>\\"bar\\"</><yellow>:</> <cyan>false</></>
</> <gray>   |</>   <red><bold>^</></><red><bold>^</></><red><bold>^</></><red><bold>^</></><red><bold>^</></> <red><bold>😲  bar<red> is not expected to be here!</></></>
</> <gray> 4 |</> }</>",
]
`;
