// Jest Snapshot v1, https://goo.gl/fbAQLP

exports[`Main Babel export should function as normal 1`] = `
"[31m[1mENUM[22m[39m[31m must be equal to one of the allowed values[39m
[31m(paragraph, codeBlock, blockquote)[39m

[0m[31m[1m>[22m[39m[90m 1 |[39m {[32m\\"type\\"[39m[33m:[39m[32m\\"doc\\"[39m[33m,[39m[32m\\"version\\"[39m[33m:[39m[35m1[39m[33m,[39m[32m\\"content\\"[39m[33m:[39m[{[32m\\"type\\"[39m[33m:[39m[32m\\"paragarph\\"[39m}]}[0m
[0m [90m   |[39m                                              [31m[1m^[22m[39m[31m[1m^[22m[39m[31m[1m^[22m[39m[31m[1m^[22m[39m[31m[1m^[22m[39m[31m[1m^[22m[39m[31m[1m^[22m[39m[31m[1m^[22m[39m[31m[1m^[22m[39m[31m[1m^[22m[39m[31m[1m^[22m[39m [31m[1m👈🏽  Did you mean [95mparagraph[31m here?[22m[39m[0m"
`;

exports[`Main complex schema examples should output an error on an invalid OpenAPI 3.1 definition 1`] = `
"[31m[1mUNEVALUATEDPROPERTIES[22m[39m[31m must NOT have unevaluated properties[39m

[0m [90m 12 |[39m   [32m\\"paths\\"[39m[33m:[39m {[0m
[0m [90m 13 |[39m     [32m\\"/anything\\"[39m[33m:[39m {[0m
[0m[31m[1m>[22m[39m[90m 14 |[39m       [32m\\"get\\"[39m[33m:[39m {[0m
[0m [90m    |[39m              [31m[1m^[22m[39m [31m[1m👈🏽  [95munevaluatedProperties[31m must NOT have unevaluated properties[22m[39m[0m
[0m [90m 15 |[39m         [32m\\"summary\\"[39m[33m:[39m [32m\\"Example operation\\"[39m[33m,[39m[0m
[0m [90m 16 |[39m         [32m\\"description\\"[39m[33m:[39m [32m\\"This operation has \`tags\` typod.\\"[39m[33m,[39m[0m
[0m [90m 17 |[39m         [32m\\"tagss\\"[39m[33m:[39m [[0m"
`;

exports[`Main should output error with codeframe 1`] = `
"[31m[1mENUM[22m[39m[31m must be equal to one of the allowed values[39m
[31m(paragraph, codeBlock, blockquote)[39m

[0m [90m 2 |[39m   [32m\\"type\\"[39m[33m:[39m [32m\\"doc\\"[39m[33m,[39m[0m
[0m [90m 3 |[39m   [32m\\"version\\"[39m[33m:[39m [35m1[39m[33m,[39m[0m
[0m[31m[1m>[22m[39m[90m 4 |[39m   [32m\\"content\\"[39m[33m:[39m [{ [32m\\"type\\"[39m[33m:[39m [32m\\"paragarph\\"[39m }][0m
[0m [90m   |[39m                         [31m[1m^[22m[39m[31m[1m^[22m[39m[31m[1m^[22m[39m[31m[1m^[22m[39m[31m[1m^[22m[39m[31m[1m^[22m[39m[31m[1m^[22m[39m[31m[1m^[22m[39m[31m[1m^[22m[39m[31m[1m^[22m[39m[31m[1m^[22m[39m [31m[1m👈🏽  Did you mean [95mparagraph[31m here?[22m[39m[0m
[0m [90m 5 |[39m }[0m
[0m [90m 6 |[39m[0m"
`;

exports[`Main should output error with reconstructed codeframe [without colors] 1`] = `
"ENUM must be equal to one of the allowed values
(paragraph, codeBlock, blockquote)

  4 |   \\"content\\": [
  5 |     {
> 6 |       \\"type\\": \\"paragarph\\"
    |               ^^^^^^^^^^^ 👈🏽  Did you mean paragraph here?
  7 |     }
  8 |   ]
  9 | }"
`;

exports[`Main should output error with reconstructed codeframe 1`] = `
"[31m[1mENUM[22m[39m[31m must be equal to one of the allowed values[39m
[31m(paragraph, codeBlock, blockquote)[39m

[0m [90m 4 |[39m   [32m\\"content\\"[39m[33m:[39m [[0m
[0m [90m 5 |[39m     {[0m
[0m[31m[1m>[22m[39m[90m 6 |[39m       [32m\\"type\\"[39m[33m:[39m [32m\\"paragarph\\"[39m[0m
[0m [90m   |[39m               [31m[1m^[22m[39m[31m[1m^[22m[39m[31m[1m^[22m[39m[31m[1m^[22m[39m[31m[1m^[22m[39m[31m[1m^[22m[39m[31m[1m^[22m[39m[31m[1m^[22m[39m[31m[1m^[22m[39m[31m[1m^[22m[39m[31m[1m^[22m[39m [31m[1m👈🏽  Did you mean [95mparagraph[31m here?[22m[39m[0m
[0m [90m 7 |[39m     }[0m
[0m [90m 8 |[39m   ][0m
[0m [90m 9 |[39m }[0m"
`;
