// Vitest Snapshot v1, https://vitest.dev/guide/snapshot.html

exports[`Main > should output error with codeframe 1`] = `
"ENUM must be equal to one of the allowed values
(paragraph, codeBlock, blockquote)

[0m [90m 2 |[39m   [32m"type"[39m[33m:[39m [32m"doc"[39m[33m,[39m
 [90m 3 |[39m   [32m"version"[39m[33m:[39m [35m1[39m[33m,[39m
[31m[1m>[22m[39m[90m 4 |[39m   [32m"content"[39m[33m:[39m [{ [32m"type"[39m[33m:[39m [32m"paragarph"[39m }]
 [90m   |[39m                         [31m[1m^[22m[39m[31m[1m^[22m[39m[31m[1m^[22m[39m[31m[1m^[22m[39m[31m[1m^[22m[39m[31m[1m^[22m[39m[31m[1m^[22m[39m[31m[1m^[22m[39m[31m[1m^[22m[39m[31m[1m^[22m[39m[31m[1m^[22m[39m [31m[1m👈🏽  Did you mean paragraph here?[22m[39m
 [90m 5 |[39m }
 [90m 6 |[39m[0m"
`;

exports[`Main > should output error with reconstructed codeframe 1`] = `
"ENUM must be equal to one of the allowed values
(paragraph, codeBlock, blockquote)

[0m [90m 4 |[39m   [32m"content"[39m[33m:[39m [
 [90m 5 |[39m     {
[31m[1m>[22m[39m[90m 6 |[39m       [32m"type"[39m[33m:[39m [32m"paragarph"[39m
 [90m   |[39m               [31m[1m^[22m[39m[31m[1m^[22m[39m[31m[1m^[22m[39m[31m[1m^[22m[39m[31m[1m^[22m[39m[31m[1m^[22m[39m[31m[1m^[22m[39m[31m[1m^[22m[39m[31m[1m^[22m[39m[31m[1m^[22m[39m[31m[1m^[22m[39m [31m[1m👈🏽  Did you mean paragraph here?[22m[39m
 [90m 7 |[39m     }
 [90m 8 |[39m   ]
 [90m 9 |[39m }[0m"
`;
